22:39:36 **** Build of configuration Debug for project Krauze ****
make -j12 all 
arm-none-eabi-gcc "../Drivers/STM32F2xx_HAL_Driver/Src/stm32f2xx_hal.c" -mcpu=cortex-m3 -std=gnu11 -g3 -DDEBUG -DUSE_HAL_DRIVER -DSTM32F205xx -c -I../Core/Inc -I../Drivers/STM32F2xx_HAL_Driver/Inc -I../Drivers/STM32F2xx_HAL_Driver/Inc/Legacy -I../Drivers/CMSIS/Device/ST/STM32F2xx/Include -I../Drivers/CMSIS/Include -O0 -ffunction-sections -fdata-sections -Wall -fstack-usage -fcyclomatic-complexity -MMD -MP -MF"Drivers/STM32F2xx_HAL_Driver/Src/stm32f2xx_hal.d" -MT"Drivers/STM32F2xx_HAL_Driver/Src/stm32f2xx_hal.o" --specs=nano.specs -mfloat-abi=soft -mthumb -o "Drivers/STM32F2xx_HAL_Driver/Src/stm32f2xx_hal.o"
arm-none-eabi-gcc "../Drivers/STM32F2xx_HAL_Driver/Src/stm32f2xx_hal_cortex.c" -mcpu=cortex-m3 -std=gnu11 -g3 -DDEBUG -DUSE_HAL_DRIVER -DSTM32F205xx -c -I../Core/Inc -I../Drivers/STM32F2xx_HAL_Driver/Inc -I../Drivers/STM32F2xx_HAL_Driver/Inc/Legacy -I../Drivers/CMSIS/Device/ST/STM32F2xx/Include -I../Drivers/CMSIS/Include -O0 -ffunction-sections -fdata-sections -Wall -fstack-usage -fcyclomatic-complexity -MMD -MP -MF"Drivers/STM32F2xx_HAL_Driver/Src/stm32f2xx_hal_cortex.d" -MT"Drivers/STM32F2xx_HAL_Driver/Src/stm32f2xx_hal_cortex.o" --specs=nano.specs -mfloat-abi=soft -mthumb -o "Drivers/STM32F2xx_HAL_Driver/Src/stm32f2xx_hal_cortex.o"
arm-none-eabi-gcc "../Drivers/STM32F2xx_HAL_Driver/Src/stm32f2xx_hal_dma.c" -mcpu=cortex-m3 -std=gnu11 -g3 -DDEBUG -DUSE_HAL_DRIVER -DSTM32F205xx -c -I../Core/Inc -I../Drivers/STM32F2xx_HAL_Driver/Inc -I../Drivers/STM32F2xx_HAL_Driver/Inc/Legacy -I../Drivers/CMSIS/Device/ST/STM32F2xx/Include -I../Drivers/CMSIS/Include -O0 -ffunction-sections -fdata-sections -Wall -fstack-usage -fcyclomatic-complexity -MMD -MP -MF"Drivers/STM32F2xx_HAL_Driver/Src/stm32f2xx_hal_dma.d" -MT"Drivers/STM32F2xx_HAL_Driver/Src/stm32f2xx_hal_dma.o" --specs=nano.specs -mfloat-abi=soft -mthumb -o "Drivers/STM32F2xx_HAL_Driver/Src/stm32f2xx_hal_dma.o"
arm-none-eabi-gcc "../Drivers/STM32F2xx_HAL_Driver/Src/stm32f2xx_hal_dma_ex.c" -mcpu=cortex-m3 -std=gnu11 -g3 -DDEBUG -DUSE_HAL_DRIVER -DSTM32F205xx -c -I../Core/Inc -I../Drivers/STM32F2xx_HAL_Driver/Inc -I../Drivers/STM32F2xx_HAL_Driver/Inc/Legacy -I../Drivers/CMSIS/Device/ST/STM32F2xx/Include -I../Drivers/CMSIS/Include -O0 -ffunction-sections -fdata-sections -Wall -fstack-usage -fcyclomatic-complexity -MMD -MP -MF"Drivers/STM32F2xx_HAL_Driver/Src/stm32f2xx_hal_dma_ex.d" -MT"Drivers/STM32F2xx_HAL_Driver/Src/stm32f2xx_hal_dma_ex.o" --specs=nano.specs -mfloat-abi=soft -mthumb -o "Drivers/STM32F2xx_HAL_Driver/Src/stm32f2xx_hal_dma_ex.o"
arm-none-eabi-gcc "../Drivers/STM32F2xx_HAL_Driver/Src/stm32f2xx_hal_exti.c" -mcpu=cortex-m3 -std=gnu11 -g3 -DDEBUG -DUSE_HAL_DRIVER -DSTM32F205xx -c -I../Core/Inc -I../Drivers/STM32F2xx_HAL_Driver/Inc -I../Drivers/STM32F2xx_HAL_Driver/Inc/Legacy -I../Drivers/CMSIS/Device/ST/STM32F2xx/Include -I../Drivers/CMSIS/Include -O0 -ffunction-sections -fdata-sections -Wall -fstack-usage -fcyclomatic-complexity -MMD -MP -MF"Drivers/STM32F2xx_HAL_Driver/Src/stm32f2xx_hal_exti.d" -MT"Drivers/STM32F2xx_HAL_Driver/Src/stm32f2xx_hal_exti.o" --specs=nano.specs -mfloat-abi=soft -mthumb -o "Drivers/STM32F2xx_HAL_Driver/Src/stm32f2xx_hal_exti.o"
arm-none-eabi-gcc "../Drivers/STM32F2xx_HAL_Driver/Src/stm32f2xx_hal_flash.c" -mcpu=cortex-m3 -std=gnu11 -g3 -DDEBUG -DUSE_HAL_DRIVER -DSTM32F205xx -c -I../Core/Inc -I../Drivers/STM32F2xx_HAL_Driver/Inc -I../Drivers/STM32F2xx_HAL_Driver/Inc/Legacy -I../Drivers/CMSIS/Device/ST/STM32F2xx/Include -I../Drivers/CMSIS/Include -O0 -ffunction-sections -fdata-sections -Wall -fstack-usage -fcyclomatic-complexity -MMD -MP -MF"Drivers/STM32F2xx_HAL_Driver/Src/stm32f2xx_hal_flash.d" -MT"Drivers/STM32F2xx_HAL_Driver/Src/stm32f2xx_hal_flash.o" --specs=nano.specs -mfloat-abi=soft -mthumb -o "Drivers/STM32F2xx_HAL_Driver/Src/stm32f2xx_hal_flash.o"
arm-none-eabi-gcc "../Drivers/STM32F2xx_HAL_Driver/Src/stm32f2xx_hal_flash_ex.c" -mcpu=cortex-m3 -std=gnu11 -g3 -DDEBUG -DUSE_HAL_DRIVER -DSTM32F205xx -c -I../Core/Inc -I../Drivers/STM32F2xx_HAL_Driver/Inc -I../Drivers/STM32F2xx_HAL_Driver/Inc/Legacy -I../Drivers/CMSIS/Device/ST/STM32F2xx/Include -I../Drivers/CMSIS/Include -O0 -ffunction-sections -fdata-sections -Wall -fstack-usage -fcyclomatic-complexity -MMD -MP -MF"Drivers/STM32F2xx_HAL_Driver/Src/stm32f2xx_hal_flash_ex.d" -MT"Drivers/STM32F2xx_HAL_Driver/Src/stm32f2xx_hal_flash_ex.o" --specs=nano.specs -mfloat-abi=soft -mthumb -o "Drivers/STM32F2xx_HAL_Driver/Src/stm32f2xx_hal_flash_ex.o"
arm-none-eabi-gcc "../Drivers/STM32F2xx_HAL_Driver/Src/stm32f2xx_hal_gpio.c" -mcpu=cortex-m3 -std=gnu11 -g3 -DDEBUG -DUSE_HAL_DRIVER -DSTM32F205xx -c -I../Core/Inc -I../Drivers/STM32F2xx_HAL_Driver/Inc -I../Drivers/STM32F2xx_HAL_Driver/Inc/Legacy -I../Drivers/CMSIS/Device/ST/STM32F2xx/Include -I../Drivers/CMSIS/Include -O0 -ffunction-sections -fdata-sections -Wall -fstack-usage -fcyclomatic-complexity -MMD -MP -MF"Drivers/STM32F2xx_HAL_Driver/Src/stm32f2xx_hal_gpio.d" -MT"Drivers/STM32F2xx_HAL_Driver/Src/stm32f2xx_hal_gpio.o" --specs=nano.specs -mfloat-abi=soft -mthumb -o "Drivers/STM32F2xx_HAL_Driver/Src/stm32f2xx_hal_gpio.o"
arm-none-eabi-gcc "../Drivers/STM32F2xx_HAL_Driver/Src/stm32f2xx_hal_pwr.c" -mcpu=cortex-m3 -std=gnu11 -g3 -DDEBUG -DUSE_HAL_DRIVER -DSTM32F205xx -c -I../Core/Inc -I../Drivers/STM32F2xx_HAL_Driver/Inc -I../Drivers/STM32F2xx_HAL_Driver/Inc/Legacy -I../Drivers/CMSIS/Device/ST/STM32F2xx/Include -I../Drivers/CMSIS/Include -O0 -ffunction-sections -fdata-sections -Wall -fstack-usage -fcyclomatic-complexity -MMD -MP -MF"Drivers/STM32F2xx_HAL_Driver/Src/stm32f2xx_hal_pwr.d" -MT"Drivers/STM32F2xx_HAL_Driver/Src/stm32f2xx_hal_pwr.o" --specs=nano.specs -mfloat-abi=soft -mthumb -o "Drivers/STM32F2xx_HAL_Driver/Src/stm32f2xx_hal_pwr.o"
arm-none-eabi-gcc "../Drivers/STM32F2xx_HAL_Driver/Src/stm32f2xx_hal_pwr_ex.c" -mcpu=cortex-m3 -std=gnu11 -g3 -DDEBUG -DUSE_HAL_DRIVER -DSTM32F205xx -c -I../Core/Inc -I../Drivers/STM32F2xx_HAL_Driver/Inc -I../Drivers/STM32F2xx_HAL_Driver/Inc/Legacy -I../Drivers/CMSIS/Device/ST/STM32F2xx/Include -I../Drivers/CMSIS/Include -O0 -ffunction-sections -fdata-sections -Wall -fstack-usage -fcyclomatic-complexity -MMD -MP -MF"Drivers/STM32F2xx_HAL_Driver/Src/stm32f2xx_hal_pwr_ex.d" -MT"Drivers/STM32F2xx_HAL_Driver/Src/stm32f2xx_hal_pwr_ex.o" --specs=nano.specs -mfloat-abi=soft -mthumb -o "Drivers/STM32F2xx_HAL_Driver/Src/stm32f2xx_hal_pwr_ex.o"
arm-none-eabi-gcc "../Drivers/STM32F2xx_HAL_Driver/Src/stm32f2xx_hal_rcc.c" -mcpu=cortex-m3 -std=gnu11 -g3 -DDEBUG -DUSE_HAL_DRIVER -DSTM32F205xx -c -I../Core/Inc -I../Drivers/STM32F2xx_HAL_Driver/Inc -I../Drivers/STM32F2xx_HAL_Driver/Inc/Legacy -I../Drivers/CMSIS/Device/ST/STM32F2xx/Include -I../Drivers/CMSIS/Include -O0 -ffunction-sections -fdata-sections -Wall -fstack-usage -fcyclomatic-complexity -MMD -MP -MF"Drivers/STM32F2xx_HAL_Driver/Src/stm32f2xx_hal_rcc.d" -MT"Drivers/STM32F2xx_HAL_Driver/Src/stm32f2xx_hal_rcc.o" --specs=nano.specs -mfloat-abi=soft -mthumb -o "Drivers/STM32F2xx_HAL_Driver/Src/stm32f2xx_hal_rcc.o"
arm-none-eabi-gcc "../Drivers/STM32F2xx_HAL_Driver/Src/stm32f2xx_hal_rcc_ex.c" -mcpu=cortex-m3 -std=gnu11 -g3 -DDEBUG -DUSE_HAL_DRIVER -DSTM32F205xx -c -I../Core/Inc -I../Drivers/STM32F2xx_HAL_Driver/Inc -I../Drivers/STM32F2xx_HAL_Driver/Inc/Legacy -I../Drivers/CMSIS/Device/ST/STM32F2xx/Include -I../Drivers/CMSIS/Include -O0 -ffunction-sections -fdata-sections -Wall -fstack-usage -fcyclomatic-complexity -MMD -MP -MF"Drivers/STM32F2xx_HAL_Driver/Src/stm32f2xx_hal_rcc_ex.d" -MT"Drivers/STM32F2xx_HAL_Driver/Src/stm32f2xx_hal_rcc_ex.o" --specs=nano.specs -mfloat-abi=soft -mthumb -o "Drivers/STM32F2xx_HAL_Driver/Src/stm32f2xx_hal_rcc_ex.o"
arm-none-eabi-gcc "../Drivers/STM32F2xx_HAL_Driver/Src/stm32f2xx_hal_tim.c" -mcpu=cortex-m3 -std=gnu11 -g3 -DDEBUG -DUSE_HAL_DRIVER -DSTM32F205xx -c -I../Core/Inc -I../Drivers/STM32F2xx_HAL_Driver/Inc -I../Drivers/STM32F2xx_HAL_Driver/Inc/Legacy -I../Drivers/CMSIS/Device/ST/STM32F2xx/Include -I../Drivers/CMSIS/Include -O0 -ffunction-sections -fdata-sections -Wall -fstack-usage -fcyclomatic-complexity -MMD -MP -MF"Drivers/STM32F2xx_HAL_Driver/Src/stm32f2xx_hal_tim.d" -MT"Drivers/STM32F2xx_HAL_Driver/Src/stm32f2xx_hal_tim.o" --specs=nano.specs -mfloat-abi=soft -mthumb -o "Drivers/STM32F2xx_HAL_Driver/Src/stm32f2xx_hal_tim.o"
arm-none-eabi-gcc "../Drivers/STM32F2xx_HAL_Driver/Src/stm32f2xx_hal_tim_ex.c" -mcpu=cortex-m3 -std=gnu11 -g3 -DDEBUG -DUSE_HAL_DRIVER -DSTM32F205xx -c -I../Core/Inc -I../Drivers/STM32F2xx_HAL_Driver/Inc -I../Drivers/STM32F2xx_HAL_Driver/Inc/Legacy -I../Drivers/CMSIS/Device/ST/STM32F2xx/Include -I../Drivers/CMSIS/Include -O0 -ffunction-sections -fdata-sections -Wall -fstack-usage -fcyclomatic-complexity -MMD -MP -MF"Drivers/STM32F2xx_HAL_Driver/Src/stm32f2xx_hal_tim_ex.d" -MT"Drivers/STM32F2xx_HAL_Driver/Src/stm32f2xx_hal_tim_ex.o" --specs=nano.specs -mfloat-abi=soft -mthumb -o "Drivers/STM32F2xx_HAL_Driver/Src/stm32f2xx_hal_tim_ex.o"
arm-none-eabi-gcc "../Drivers/STM32F2xx_HAL_Driver/Src/stm32f2xx_hal_uart.c" -mcpu=cortex-m3 -std=gnu11 -g3 -DDEBUG -DUSE_HAL_DRIVER -DSTM32F205xx -c -I../Core/Inc -I../Drivers/STM32F2xx_HAL_Driver/Inc -I../Drivers/STM32F2xx_HAL_Driver/Inc/Legacy -I../Drivers/CMSIS/Device/ST/STM32F2xx/Include -I../Drivers/CMSIS/Include -O0 -ffunction-sections -fdata-sections -Wall -fstack-usage -fcyclomatic-complexity -MMD -MP -MF"Drivers/STM32F2xx_HAL_Driver/Src/stm32f2xx_hal_uart.d" -MT"Drivers/STM32F2xx_HAL_Driver/Src/stm32f2xx_hal_uart.o" --specs=nano.specs -mfloat-abi=soft -mthumb -o "Drivers/STM32F2xx_HAL_Driver/Src/stm32f2xx_hal_uart.o"
arm-none-eabi-gcc -mcpu=cortex-m3 -g3 -DDEBUG -c -x assembler-with-cpp -MMD -MP -MF"Core/Startup/startup_stm32f205rgtx.d" -MT"Core/Startup/startup_stm32f205rgtx.o" --specs=nano.specs -mfloat-abi=soft -mthumb -o "Core/Startup/startup_stm32f205rgtx.o" "../Core/Startup/startup_stm32f205rgtx.s"
arm-none-eabi-g++ "../Core/Src/main.cpp" -mcpu=cortex-m3 -std=gnu++14 -g3 -DDEBUG -DUSE_HAL_DRIVER -DSTM32F205xx -c -I../Core/Inc -I../Drivers/STM32F2xx_HAL_Driver/Inc -I../Drivers/STM32F2xx_HAL_Driver/Inc/Legacy -I../Drivers/CMSIS/Device/ST/STM32F2xx/Include -I../Drivers/CMSIS/Include -O0 -ffunction-sections -fdata-sections -fno-exceptions -fno-rtti -fno-use-cxa-atexit -Wall -fstack-usage -fcyclomatic-complexity -MMD -MP -MF"Core/Src/main.d" -MT"Core/Src/main.o" --specs=nano.specs -mfloat-abi=soft -mthumb -o "Core/Src/main.o"
arm-none-eabi-gcc "../Core/Src/stm32f2xx_hal_msp.c" -mcpu=cortex-m3 -std=gnu11 -g3 -DDEBUG -DUSE_HAL_DRIVER -DSTM32F205xx -c -I../Core/Inc -I../Drivers/STM32F2xx_HAL_Driver/Inc -I../Drivers/STM32F2xx_HAL_Driver/Inc/Legacy -I../Drivers/CMSIS/Device/ST/STM32F2xx/Include -I../Drivers/CMSIS/Include -O0 -ffunction-sections -fdata-sections -Wall -fstack-usage -fcyclomatic-complexity -MMD -MP -MF"Core/Src/stm32f2xx_hal_msp.d" -MT"Core/Src/stm32f2xx_hal_msp.o" --specs=nano.specs -mfloat-abi=soft -mthumb -o "Core/Src/stm32f2xx_hal_msp.o"
arm-none-eabi-gcc "../Core/Src/stm32f2xx_it.c" -mcpu=cortex-m3 -std=gnu11 -g3 -DDEBUG -DUSE_HAL_DRIVER -DSTM32F205xx -c -I../Core/Inc -I../Drivers/STM32F2xx_HAL_Driver/Inc -I../Drivers/STM32F2xx_HAL_Driver/Inc/Legacy -I../Drivers/CMSIS/Device/ST/STM32F2xx/Include -I../Drivers/CMSIS/Include -O0 -ffunction-sections -fdata-sections -Wall -fstack-usage -fcyclomatic-complexity -MMD -MP -MF"Core/Src/stm32f2xx_it.d" -MT"Core/Src/stm32f2xx_it.o" --specs=nano.specs -mfloat-abi=soft -mthumb -o "Core/Src/stm32f2xx_it.o"
arm-none-eabi-gcc "../Core/Src/syscalls.c" -mcpu=cortex-m3 -std=gnu11 -g3 -DDEBUG -DUSE_HAL_DRIVER -DSTM32F205xx -c -I../Core/Inc -I../Drivers/STM32F2xx_HAL_Driver/Inc -I../Drivers/STM32F2xx_HAL_Driver/Inc/Legacy -I../Drivers/CMSIS/Device/ST/STM32F2xx/Include -I../Drivers/CMSIS/Include -O0 -ffunction-sections -fdata-sections -Wall -fstack-usage -fcyclomatic-complexity -MMD -MP -MF"Core/Src/syscalls.d" -MT"Core/Src/syscalls.o" --specs=nano.specs -mfloat-abi=soft -mthumb -o "Core/Src/syscalls.o"
arm-none-eabi-gcc "../Core/Src/sysmem.c" -mcpu=cortex-m3 -std=gnu11 -g3 -DDEBUG -DUSE_HAL_DRIVER -DSTM32F205xx -c -I../Core/Inc -I../Drivers/STM32F2xx_HAL_Driver/Inc -I../Drivers/STM32F2xx_HAL_Driver/Inc/Legacy -I../Drivers/CMSIS/Device/ST/STM32F2xx/Include -I../Drivers/CMSIS/Include -O0 -ffunction-sections -fdata-sections -Wall -fstack-usage -fcyclomatic-complexity -MMD -MP -MF"Core/Src/sysmem.d" -MT"Core/Src/sysmem.o" --specs=nano.specs -mfloat-abi=soft -mthumb -o "Core/Src/sysmem.o"
arm-none-eabi-gcc "../Core/Src/system_stm32f2xx.c" -mcpu=cortex-m3 -std=gnu11 -g3 -DDEBUG -DUSE_HAL_DRIVER -DSTM32F205xx -c -I../Core/Inc -I../Drivers/STM32F2xx_HAL_Driver/Inc -I../Drivers/STM32F2xx_HAL_Driver/Inc/Legacy -I../Drivers/CMSIS/Device/ST/STM32F2xx/Include -I../Drivers/CMSIS/Include -O0 -ffunction-sections -fdata-sections -Wall -fstack-usage -fcyclomatic-complexity -MMD -MP -MF"Core/Src/system_stm32f2xx.d" -MT"Core/Src/system_stm32f2xx.o" --specs=nano.specs -mfloat-abi=soft -mthumb -o "Core/Src/system_stm32f2xx.o"
arm-none-eabi-g++ -o "Krauze.elf" @"objects.list"   -mcpu=cortex-m3 -T"E:\Dokumenty\elektrotechnika\PWR Reacing team\z1\Krauze\STM32F205RGTX_FLASH.ld" --specs=nosys.specs -Wl,-Map="Krauze.map" -Wl,--gc-sections -static --specs=nano.specs -mfloat-abi=soft -mthumb -Wl,--start-group -lc -lm -lstdc++ -lsupc++ -Wl,--end-group
Finished building target: Krauze.elf
 
arm-none-eabi-size  Krauze.elf 
arm-none-eabi-objdump -h -S Krauze.elf  > "Krauze.list"
   text	   data	    bss	    dec	    hex	filename
   9044	     12	   1644	  10700	   29cc	Krauze.elf
Finished building: default.size.stdout
 
Finished building: Krauze.list
 

22:39:49 Build Finished. 0 errors, 0 warnings. (took 12s.107ms)

