Archive member included to satisfy reference by file (symbol)

C:/ST/STM32CubeIDE_1.16.1/STM32CubeIDE/plugins/com.st.stm32cube.ide.mcu.externaltools.gnu-tools-for-stm32.12.3.rel1.win32_1.0.200.202406191623/tools/bin/../lib/gcc/arm-none-eabi/12.3.1/../../../../arm-none-eabi/lib/thumb/v7-m/nofp\libc_nano.a(libc_a-exit.o)
                              C:/ST/STM32CubeIDE_1.16.1/STM32CubeIDE/plugins/com.st.stm32cube.ide.mcu.externaltools.gnu-tools-for-stm32.12.3.rel1.win32_1.0.200.202406191623/tools/bin/../lib/gcc/arm-none-eabi/12.3.1/../../../../arm-none-eabi/lib/thumb/v7-m/nofp/crt0.o (exit)
C:/ST/STM32CubeIDE_1.16.1/STM32CubeIDE/plugins/com.st.stm32cube.ide.mcu.externaltools.gnu-tools-for-stm32.12.3.rel1.win32_1.0.200.202406191623/tools/bin/../lib/gcc/arm-none-eabi/12.3.1/../../../../arm-none-eabi/lib/thumb/v7-m/nofp\libc_nano.a(libc_a-findfp.o)
                              C:/ST/STM32CubeIDE_1.16.1/STM32CubeIDE/plugins/com.st.stm32cube.ide.mcu.externaltools.gnu-tools-for-stm32.12.3.rel1.win32_1.0.200.202406191623/tools/bin/../lib/gcc/arm-none-eabi/12.3.1/../../../../arm-none-eabi/lib/thumb/v7-m/nofp\libc_nano.a(libc_a-exit.o) (__stdio_exit_handler)
C:/ST/STM32CubeIDE_1.16.1/STM32CubeIDE/plugins/com.st.stm32cube.ide.mcu.externaltools.gnu-tools-for-stm32.12.3.rel1.win32_1.0.200.202406191623/tools/bin/../lib/gcc/arm-none-eabi/12.3.1/../../../../arm-none-eabi/lib/thumb/v7-m/nofp\libc_nano.a(libc_a-fwalk.o)
                              C:/ST/STM32CubeIDE_1.16.1/STM32CubeIDE/plugins/com.st.stm32cube.ide.mcu.externaltools.gnu-tools-for-stm32.12.3.rel1.win32_1.0.200.202406191623/tools/bin/../lib/gcc/arm-none-eabi/12.3.1/../../../../arm-none-eabi/lib/thumb/v7-m/nofp\libc_nano.a(libc_a-findfp.o) (_fwalk_sglue)
C:/ST/STM32CubeIDE_1.16.1/STM32CubeIDE/plugins/com.st.stm32cube.ide.mcu.externaltools.gnu-tools-for-stm32.12.3.rel1.win32_1.0.200.202406191623/tools/bin/../lib/gcc/arm-none-eabi/12.3.1/../../../../arm-none-eabi/lib/thumb/v7-m/nofp\libc_nano.a(libc_a-stdio.o)
                              C:/ST/STM32CubeIDE_1.16.1/STM32CubeIDE/plugins/com.st.stm32cube.ide.mcu.externaltools.gnu-tools-for-stm32.12.3.rel1.win32_1.0.200.202406191623/tools/bin/../lib/gcc/arm-none-eabi/12.3.1/../../../../arm-none-eabi/lib/thumb/v7-m/nofp\libc_nano.a(libc_a-findfp.o) (__sread)
C:/ST/STM32CubeIDE_1.16.1/STM32CubeIDE/plugins/com.st.stm32cube.ide.mcu.externaltools.gnu-tools-for-stm32.12.3.rel1.win32_1.0.200.202406191623/tools/bin/../lib/gcc/arm-none-eabi/12.3.1/../../../../arm-none-eabi/lib/thumb/v7-m/nofp\libc_nano.a(libc_a-memset.o)
                              C:/ST/STM32CubeIDE_1.16.1/STM32CubeIDE/plugins/com.st.stm32cube.ide.mcu.externaltools.gnu-tools-for-stm32.12.3.rel1.win32_1.0.200.202406191623/tools/bin/../lib/gcc/arm-none-eabi/12.3.1/../../../../arm-none-eabi/lib/thumb/v7-m/nofp/crt0.o (memset)
C:/ST/STM32CubeIDE_1.16.1/STM32CubeIDE/plugins/com.st.stm32cube.ide.mcu.externaltools.gnu-tools-for-stm32.12.3.rel1.win32_1.0.200.202406191623/tools/bin/../lib/gcc/arm-none-eabi/12.3.1/../../../../arm-none-eabi/lib/thumb/v7-m/nofp\libc_nano.a(libc_a-closer.o)
                              C:/ST/STM32CubeIDE_1.16.1/STM32CubeIDE/plugins/com.st.stm32cube.ide.mcu.externaltools.gnu-tools-for-stm32.12.3.rel1.win32_1.0.200.202406191623/tools/bin/../lib/gcc/arm-none-eabi/12.3.1/../../../../arm-none-eabi/lib/thumb/v7-m/nofp\libc_nano.a(libc_a-stdio.o) (_close_r)
C:/ST/STM32CubeIDE_1.16.1/STM32CubeIDE/plugins/com.st.stm32cube.ide.mcu.externaltools.gnu-tools-for-stm32.12.3.rel1.win32_1.0.200.202406191623/tools/bin/../lib/gcc/arm-none-eabi/12.3.1/../../../../arm-none-eabi/lib/thumb/v7-m/nofp\libc_nano.a(libc_a-reent.o)
                              C:/ST/STM32CubeIDE_1.16.1/STM32CubeIDE/plugins/com.st.stm32cube.ide.mcu.externaltools.gnu-tools-for-stm32.12.3.rel1.win32_1.0.200.202406191623/tools/bin/../lib/gcc/arm-none-eabi/12.3.1/../../../../arm-none-eabi/lib/thumb/v7-m/nofp\libc_nano.a(libc_a-closer.o) (errno)
C:/ST/STM32CubeIDE_1.16.1/STM32CubeIDE/plugins/com.st.stm32cube.ide.mcu.externaltools.gnu-tools-for-stm32.12.3.rel1.win32_1.0.200.202406191623/tools/bin/../lib/gcc/arm-none-eabi/12.3.1/../../../../arm-none-eabi/lib/thumb/v7-m/nofp\libc_nano.a(libc_a-impure.o)
                              C:/ST/STM32CubeIDE_1.16.1/STM32CubeIDE/plugins/com.st.stm32cube.ide.mcu.externaltools.gnu-tools-for-stm32.12.3.rel1.win32_1.0.200.202406191623/tools/bin/../lib/gcc/arm-none-eabi/12.3.1/../../../../arm-none-eabi/lib/thumb/v7-m/nofp\libc_nano.a(libc_a-reent.o) (_impure_ptr)
C:/ST/STM32CubeIDE_1.16.1/STM32CubeIDE/plugins/com.st.stm32cube.ide.mcu.externaltools.gnu-tools-for-stm32.12.3.rel1.win32_1.0.200.202406191623/tools/bin/../lib/gcc/arm-none-eabi/12.3.1/../../../../arm-none-eabi/lib/thumb/v7-m/nofp\libc_nano.a(libc_a-lseekr.o)
[...]
Memory Configuration

Name             Origin             Length             Attributes
RAM              0x20000000         0x00020000         xrw
FLASH            0x08000000         0x00100000         xr
*default*        0x00000000         0xffffffff

Linker script and memory map

LOAD C:/ST/STM32CubeIDE_1.16.1/STM32CubeIDE/plugins/com.st.stm32cube.ide.mcu.externaltools.gnu-tools-for-stm32.12.3.rel1.win32_1.0.200.202406191623/tools/bin/../lib/gcc/arm-none-eabi/12.3.1/thumb/v7-m/nofp/crti.o
LOAD C:/ST/STM32CubeIDE_1.16.1/STM32CubeIDE/plugins/com.st.stm32cube.ide.mcu.externaltools.gnu-tools-for-stm32.12.3.rel1.win32_1.0.200.202406191623/tools/bin/../lib/gcc/arm-none-eabi/12.3.1/thumb/v7-m/nofp/crtbegin.o
LOAD C:/ST/STM32CubeIDE_1.16.1/STM32CubeIDE/plugins/com.st.stm32cube.ide.mcu.externaltools.gnu-tools-for-stm32.12.3.rel1.win32_1.0.200.202406191623/tools/bin/../lib/gcc/arm-none-eabi/12.3.1/../../../../arm-none-eabi/lib/thumb/v7-m/nofp/crt0.o
LOAD ./Core/Src/main.o
LOAD ./Core/Src/stm32f2xx_hal_msp.o
LOAD ./Core/Src/stm32f2xx_it.o
LOAD ./Core/Src/syscalls.o
LOAD ./Core/Src/sysmem.o
LOAD ./Core/Src/system_stm32f2xx.o
LOAD ./Core/Startup/startup_stm32f205rgtx.o
LOAD ./Drivers/STM32F2xx_HAL_Driver/Src/stm32f2xx_hal.o
LOAD ./Drivers/STM32F2xx_HAL_Driver/Src/stm32f2xx_hal_cortex.o
LOAD ./Drivers/STM32F2xx_HAL_Driver/Src/stm32f2xx_hal_dma.o
LOAD ./Drivers/STM32F2xx_HAL_Driver/Src/stm32f2xx_hal_dma_ex.o
LOAD ./Drivers/STM32F2xx_HAL_Driver/Src/stm32f2xx_hal_exti.o
LOAD ./Drivers/STM32F2xx_HAL_Driver/Src/stm32f2xx_hal_flash.o
LOAD ./Drivers/STM32F2xx_HAL_Driver/Src/stm32f2xx_hal_flash_ex.o
LOAD ./Drivers/STM32F2xx_HAL_Driver/Src/stm32f2xx_hal_gpio.o
LOAD ./Drivers/STM32F2xx_HAL_Driver/Src/stm32f2xx_hal_pwr.o
LOAD ./Drivers/STM32F2xx_HAL_Driver/Src/stm32f2xx_hal_pwr_ex.o
LOAD ./Drivers/STM32F2xx_HAL_Driver/Src/stm32f2xx_hal_rcc.o
LOAD ./Drivers/STM32F2xx_HAL_Driver/Src/stm32f2xx_hal_rcc_ex.o
LOAD ./Drivers/STM32F2xx_HAL_Driver/Src/stm32f2xx_hal_tim.o
LOAD ./Drivers/STM32F2xx_HAL_Driver/Src/stm32f2xx_hal_tim_ex.o
LOAD ./Drivers/STM32F2xx_HAL_Driver/Src/stm32f2xx_hal_uart.o
START GROUP
LOAD C:/ST/STM32CubeIDE_1.16.1/STM32CubeIDE/plugins/com.st.stm32cube.ide.mcu.externaltools.gnu-tools-for-stm32.12.3.rel1.win32_1.0.200.202406191623/tools/bin/../lib/gcc/arm-none-eabi/12.3.1/../../../../arm-none-eabi/lib/thumb/v7-m/nofp\libstdc++_nano.a
LOAD C:/ST/STM32CubeIDE_1.16.1/STM32CubeIDE/plugins/com.st.stm32cube.ide.mcu.externaltools.gnu-tools-for-stm32.12.3.rel1.win32_1.0.200.202406191623/tools/bin/../lib/gcc/arm-none-eabi/12.3.1/../../../../arm-none-eabi/lib/thumb/v7-m/nofp\libsupc++_nano.a
END GROUP
LOAD C:/ST/STM32CubeIDE_1.16.1/STM32CubeIDE/plugins/com.st.stm32cube.ide.mcu.externaltools.gnu-tools-for-stm32.12.3.rel1.win32_1.0.200.202406191623/tools/bin/../lib/gcc/arm-none-eabi/12.3.1/../../../../arm-none-eabi/lib/thumb/v7-m/nofp\libstdc++_nano.a
LOAD C:/ST/STM32CubeIDE_1.16.1/STM32CubeIDE/plugins/com.st.stm32cube.ide.mcu.externaltools.gnu-tools-for-stm32.12.3.rel1.win32_1.0.200.202406191623/tools/bin/../lib/gcc/arm-none-eabi/12.3.1/../../../../arm-none-eabi/lib/thumb/v7-m/nofp\libm.a
LOAD C:/ST/STM32CubeIDE_1.16.1/STM32CubeIDE/plugins/com.st.stm32cube.ide.mcu.externaltools.gnu-tools-for-stm32.12.3.rel1.win32_1.0.200.202406191623/tools/bin/../lib/gcc/arm-none-eabi/12.3.1/../../../../arm-none-eabi/lib/thumb/v7-m/nofp\libc_nano.a
START GROUP
LOAD C:/ST/STM32CubeIDE_1.16.1/STM32CubeIDE/plugins/com.st.stm32cube.ide.mcu.externaltools.gnu-tools-for-stm32.12.3.rel1.win32_1.0.200.202406191623/tools/bin/../lib/gcc/arm-none-eabi/12.3.1/thumb/v7-m/nofp\libgcc.a
LOAD C:/ST/STM32CubeIDE_1.16.1/STM32CubeIDE/plugins/com.st.stm32cube.ide.mcu.externaltools.gnu-tools-for-stm32.12.3.rel1.win32_1.0.200.202406191623/tools/bin/../lib/gcc/arm-none-eabi/12.3.1/../../../../arm-none-eabi/lib/thumb/v7-m/nofp\libc_nano.a
END GROUP
START GROUP
LOAD C:/ST/STM32CubeIDE_1.16.1/STM32CubeIDE/plugins/com.st.stm32cube.ide.mcu.externaltools.gnu-tools-for-stm32.12.3.rel1.win32_1.0.200.202406191623/tools/bin/../lib/gcc/arm-none-eabi/12.3.1/thumb/v7-m/nofp\libgcc.a
LOAD C:/ST/STM32CubeIDE_1.16.1/STM32CubeIDE/plugins/com.st.stm32cube.ide.mcu.externaltools.gnu-tools-for-stm32.12.3.rel1.win32_1.0.200.202406191623/tools/bin/../lib/gcc/arm-none-eabi/12.3.1/../../../../arm-none-eabi/lib/thumb/v7-m/nofp\libc_nano.a
LOAD C:/ST/STM32CubeIDE_1.16.1/STM32CubeIDE/plugins/com.st.stm32cube.ide.mcu.externaltools.gnu-tools-for-stm32.12.3.rel1.win32_1.0.200.202406191623/tools/bin/../lib/gcc/arm-none-eabi/12.3.1/../../../../arm-none-eabi/lib/thumb/v7-m/nofp\libnosys.a
END GROUP
START GROUP
LOAD C:/ST/STM32CubeIDE_1.16.1/STM32CubeIDE/plugins/com.st.stm32cube.ide.mcu.externaltools.gnu-tools-for-stm32.12.3.rel1.win32_1.0.200.202406191623/tools/bin/../lib/gcc/arm-none-eabi/12.3.1/thumb/v7-m/nofp\libgcc.a
LOAD C:/ST/STM32CubeIDE_1.16.1/STM32CubeIDE/plugins/com.st.stm32cube.ide.mcu.externaltools.gnu-tools-for-stm32.12.3.rel1.win32_1.0.200.202406191623/tools/bin/../lib/gcc/arm-none-eabi/12.3.1/../../../../arm-none-eabi/lib/thumb/v7-m/nofp\libc_nano.a
LOAD C:/ST/STM32CubeIDE_1.16.1/STM32CubeIDE/plugins/com.st.stm32cube.ide.mcu.externaltools.gnu-tools-for-stm32.12.3.rel1.win32_1.0.200.202406191623/tools/bin/../lib/gcc/arm-none-eabi/12.3.1/../../../../arm-none-eabi/lib/thumb/v7-m/nofp\libnosys.a
END GROUP
LOAD C:/ST/STM32CubeIDE_1.16.1/STM32CubeIDE/plugins/com.st.stm32cube.ide.mcu.externaltools.gnu-tools-for-stm32.12.3.rel1.win32_1.0.200.202406191623/tools/bin/../lib/gcc/arm-none-eabi/12.3.1/thumb/v7-m/nofp/crtend.o
LOAD C:/ST/STM32CubeIDE_1.16.1/STM32CubeIDE/plugins/com.st.stm32cube.ide.mcu.externaltools.gnu-tools-for-stm32.12.3.rel1.win32_1.0.200.202406191623/tools/bin/../lib/gcc/arm-none-eabi/12.3.1/thumb/v7-m/nofp/crtn.o
                0x20020000                        _estack = (ORIGIN (RAM) + LENGTH (RAM))
                0x00000200                        _Min_Heap_Size = 0x200
                0x00000400                        _Min_Stack_Size = 0x400

.isr_vector     0x08000000      0x184
                0x08000000                        . = ALIGN (0x4)
 *(.isr_vector)
 .isr_vector    0x08000000      0x184 ./Core/Startup/startup_stm32f205rgtx.o
                0x08000000                g_pfnVectors
                0x08000184                        . = ALIGN (0x4)

.text           0x08000184     0x21a8
                0x08000184                        . = ALIGN (0x4)
 *(.text)
 .text          0x08000184       0x40 C:/ST/STM32CubeIDE_1.16.1/STM32CubeIDE/plugins/com.st.stm32cube.ide.mcu.externaltools.gnu-tools-for-stm32.12.3.rel1.win32_1.0.200.202406191623/tools/bin/../lib/gcc/arm-none-eabi/12.3.1/thumb/v7-m/nofp/crtbegin.o
 .text          0x080001c4       0x30 C:/ST/STM32CubeIDE_1.16.1/STM32CubeIDE/plugins/com.st.stm32cube.ide.mcu.externaltools.gnu-tools-for-stm32.12.3.rel1.win32_1.0.200.202406191623/tools/bin/../lib/gcc/arm-none-eabi/12.3.1/thumb/v7-m/nofp\libgcc.a(_aeabi_uldivmod.o)
                0x080001c4                __aeabi_uldivmod
 .text          0x080001f4      0x2b8 C:/ST/STM32CubeIDE_1.16.1/STM32CubeIDE/plugins/com.st.stm32cube.ide.mcu.externaltools.gnu-tools-for-stm32.12.3.rel1.win32_1.0.200.202406191623/tools/bin/../lib/gcc/arm-none-eabi/12.3.1/thumb/v7-m/nofp\libgcc.a(_udivmoddi4.o)
                0x080001f4                __udivmoddi4
 .text          0x080004ac        0x4 C:/ST/STM32CubeIDE_1.16.1/STM32CubeIDE/plugins/com.st.stm32cube.ide.mcu.externaltools.gnu-tools-for-stm32.12.3.rel1.win32_1.0.200.202406191623/tools/bin/../lib/gcc/arm-none-eabi/12.3.1/thumb/v7-m/nofp\libgcc.a(_dvmd_tls.o)
                0x080004ac                __aeabi_idiv0
                0x080004ac                __aeabi_ldiv0
 *(.text*)
 .text.main     0x080004b0       0x18 ./Core/Src/main.o
                0x080004b0                main
 .text._Z18SystemClock_Configv
                0x080004c8       0x8a ./Core/Src/main.o
                0x080004c8                SystemClock_Config()
 *fill*         0x08000552        0x2 
 .text._ZL19MX_USART1_UART_Initv
                0x08000554       0x5c ./Core/Src/main.o
 .text._ZL12MX_GPIO_Initv
                0x080005b0       0x30 ./Core/Src/main.o
 .text.Error_Handler
                0x080005e0        0xc ./Core/Src/main.o
                0x080005e0                Error_Handler
 .text.HAL_MspInit
                0x080005ec       0x4c ./Core/Src/stm32f2xx_hal_msp.o
                0x080005ec                HAL_MspInit
 .text.HAL_UART_MspInit
                0x08000638       0xa0 ./Core/Src/stm32f2xx_hal_msp.o
                0x08000638                HAL_UART_MspInit
 .text.NMI_Handler
                0x080006d8        0x8 ./Core/Src/stm32f2xx_it.o
                0x080006d8                NMI_Handler
 .text.HardFault_Handler
                0x080006e0        0x8 ./Core/Src/stm32f2xx_it.o
                0x080006e0                HardFault_Handler
 .text.MemManage_Handler
                0x080006e8        0x8 ./Core/Src/stm32f2xx_it.o
                0x080006e8                MemManage_Handler
 .text.BusFault_Handler
                0x080006f0        0x8 ./Core/Src/stm32f2xx_it.o
                0x080006f0                BusFault_Handler
 .text.UsageFault_Handler
                0x080006f8        0x8 ./Core/Src/stm32f2xx_it.o
                0x080006f8                UsageFault_Handler
 .text.SVC_Handler
                0x08000700        0xc ./Core/Src/stm32f2xx_it.o
                0x08000700                SVC_Handler
 .text.DebugMon_Handler
                0x0800070c        0xc ./Core/Src/stm32f2xx_it.o
                0x0800070c                DebugMon_Handler
 .text.PendSV_Handler
                0x08000718        0xc ./Core/Src/stm32f2xx_it.o
                0x08000718                PendSV_Handler
 .text.SysTick_Handler
                0x08000724        0xc ./Core/Src/stm32f2xx_it.o
                0x08000724                SysTick_Handler
 .text.USART1_IRQHandler
                0x08000730       0x14 ./Core/Src/stm32f2xx_it.o
                0x08000730                USART1_IRQHandler
 .text.SystemInit
                0x08000744        0xc ./Core/Src/system_stm32f2xx.o
                0x08000744                SystemInit
 .text.Reset_Handler
                0x08000750       0x50 ./Core/Startup/startup_stm32f205rgtx.o
                0x08000750                Reset_Handler
 .text.Default_Handler
                0x080007a0        0x2 ./Core/Startup/startup_stm32f205rgtx.o
                0x080007a0                RTC_Alarm_IRQHandler
                0x080007a0                HASH_RNG_IRQHandler
                0x080007a0                EXTI2_IRQHandler
                0x080007a0                TIM8_CC_IRQHandler
                0x080007a0                TIM1_CC_IRQHandler
                0x080007a0                DMA2_Stream5_IRQHandler
                0x080007a0                DMA1_Stream5_IRQHandler
                0x080007a0                PVD_IRQHandler
                0x080007a0                SDIO_IRQHandler
                0x080007a0                TAMP_STAMP_IRQHandler
                0x080007a0                CAN2_RX1_IRQHandler
                0x080007a0                EXTI3_IRQHandler
                0x080007a0                TIM8_TRG_COM_TIM14_IRQHandler
                0x080007a0                TIM1_UP_TIM10_IRQHandler
                0x080007a0                TIM8_UP_TIM13_IRQHandler
                0x080007a0                I2C3_ER_IRQHandler
                0x080007a0                EXTI0_IRQHandler
                0x080007a0                I2C2_EV_IRQHandler
                0x080007a0                DMA1_Stream2_IRQHandler
                0x080007a0                CAN1_RX0_IRQHandler
                0x080007a0                OTG_HS_WKUP_IRQHandler
                0x080007a0                CAN2_SCE_IRQHandler
                0x080007a0                DMA2_Stream2_IRQHandler
                0x080007a0                SPI1_IRQHandler
                0x080007a0                TIM6_DAC_IRQHandler
                0x080007a0                TIM1_BRK_TIM9_IRQHandler
                0x080007a0                CAN2_RX0_IRQHandler
                0x080007a0                DMA2_Stream3_IRQHandler
                0x080007a0                USART6_IRQHandler
                0x080007a0                USART3_IRQHandler
                0x080007a0                CAN1_RX1_IRQHandler
                0x080007a0                UART5_IRQHandler
                0x080007a0                DMA2_Stream0_IRQHandler
                0x080007a0                TIM4_IRQHandler
                0x080007a0                I2C1_EV_IRQHandler
                0x080007a0                DMA1_Stream6_IRQHandler
                0x080007a0                DMA1_Stream1_IRQHandler
                0x080007a0                UART4_IRQHandler
                0x080007a0                TIM3_IRQHandler
                0x080007a0                RCC_IRQHandler
                0x080007a0                TIM8_BRK_TIM12_IRQHandler
                0x080007a0                Default_Handler
                0x080007a0                EXTI15_10_IRQHandler
                0x080007a0                ADC_IRQHandler
                0x080007a0                DMA1_Stream7_IRQHandler
                0x080007a0                TIM7_IRQHandler
                0x080007a0                CAN2_TX_IRQHandler
                0x080007a0                TIM5_IRQHandler
                0x080007a0                DMA2_Stream7_IRQHandler
                0x080007a0                I2C3_EV_IRQHandler
                0x080007a0                EXTI9_5_IRQHandler
                0x080007a0                RTC_WKUP_IRQHandler
                0x080007a0                SPI2_IRQHandler
                0x080007a0                OTG_HS_EP1_IN_IRQHandler
                0x080007a0                DMA1_Stream0_IRQHandler
                0x080007a0                CAN1_TX_IRQHandler
                0x080007a0                EXTI4_IRQHandler
                0x080007a0                FSMC_IRQHandler
                0x080007a0                OTG_HS_EP1_OUT_IRQHandler
                0x080007a0                WWDG_IRQHandler
                0x080007a0                TIM2_IRQHandler
                0x080007a0                OTG_FS_WKUP_IRQHandler
                0x080007a0                TIM1_TRG_COM_TIM11_IRQHandler
                0x080007a0                OTG_HS_IRQHandler
                0x080007a0                EXTI1_IRQHandler
                0x080007a0                USART2_IRQHandler
                0x080007a0                I2C2_ER_IRQHandler
                0x080007a0                DMA2_Stream1_IRQHandler
                0x080007a0                CAN1_SCE_IRQHandler
                0x080007a0                FLASH_IRQHandler
                0x080007a0                DMA2_Stream4_IRQHandler
                0x080007a0                OTG_FS_IRQHandler
                0x080007a0                SPI3_IRQHandler
                0x080007a0                DMA1_Stream4_IRQHandler
                0x080007a0                I2C1_ER_IRQHandler
                0x080007a0                DMA2_Stream6_IRQHandler
                0x080007a0                DMA1_Stream3_IRQHandler
 *fill*         0x080007a2        0x2 
 .text.HAL_Init
                0x080007a4       0x44 ./Drivers/STM32F2xx_HAL_Driver/Src/stm32f2xx_hal.o
                0x080007a4                HAL_Init
 .text.HAL_InitTick
                0x080007e8       0x60 ./Drivers/STM32F2xx_HAL_Driver/Src/stm32f2xx_hal.o
                0x080007e8                HAL_InitTick
 .text.HAL_IncTick
                0x08000848       0x24 ./Drivers/STM32F2xx_HAL_Driver/Src/stm32f2xx_hal.o
                0x08000848                HAL_IncTick
 .text.HAL_GetTick
                0x0800086c       0x14 ./Drivers/STM32F2xx_HAL_Driver/Src/stm32f2xx_hal.o
                0x0800086c                HAL_GetTick
 .text.__NVIC_SetPriorityGrouping
                0x08000880       0x48 ./Drivers/STM32F2xx_HAL_Driver/Src/stm32f2xx_hal_cortex.o
 .text.__NVIC_GetPriorityGrouping
                0x080008c8       0x1c ./Drivers/STM32F2xx_HAL_Driver/Src/stm32f2xx_hal_cortex.o
 .text.__NVIC_EnableIRQ
                0x080008e4       0x38 ./Drivers/STM32F2xx_HAL_Driver/Src/stm32f2xx_hal_cortex.o
 .text.__NVIC_SetPriority
                0x0800091c       0x54 ./Drivers/STM32F2xx_HAL_Driver/Src/stm32f2xx_hal_cortex.o
 .text.NVIC_EncodePriority
                0x08000970       0x64 ./Drivers/STM32F2xx_HAL_Driver/Src/stm32f2xx_hal_cortex.o
 .text.SysTick_Config
                0x080009d4       0x44 ./Drivers/STM32F2xx_HAL_Driver/Src/stm32f2xx_hal_cortex.o
 .text.HAL_NVIC_SetPriorityGrouping
                0x08000a18       0x16 ./Drivers/STM32F2xx_HAL_Driver/Src/stm32f2xx_hal_cortex.o
                0x08000a18                HAL_NVIC_SetPriorityGrouping
 .text.HAL_NVIC_SetPriority
                0x08000a2e       0x38 ./Drivers/STM32F2xx_HAL_Driver/Src/stm32f2xx_hal_cortex.o
                0x08000a2e                HAL_NVIC_SetPriority
 .text.HAL_NVIC_EnableIRQ
                0x08000a66       0x1c ./Drivers/STM32F2xx_HAL_Driver/Src/stm32f2xx_hal_cortex.o
                0x08000a66                HAL_NVIC_EnableIRQ
 .text.HAL_SYSTICK_Config
                0x08000a82       0x18 ./Drivers/STM32F2xx_HAL_Driver/Src/stm32f2xx_hal_cortex.o
                0x08000a82                HAL_SYSTICK_Config
 .text.HAL_DMA_Abort
                0x08000a9a       0xe0 ./Drivers/STM32F2xx_HAL_Driver/Src/stm32f2xx_hal_dma.o
                0x08000a9a                HAL_DMA_Abort
 .text.HAL_DMA_Abort_IT
                0x08000b7a       0x42 ./Drivers/STM32F2xx_HAL_Driver/Src/stm32f2xx_hal_dma.o
                0x08000b7a                HAL_DMA_Abort_IT
 .text.HAL_GPIO_Init
                0x08000bbc      0x33c ./Drivers/STM32F2xx_HAL_Driver/Src/stm32f2xx_hal_gpio.o
                0x08000bbc                HAL_GPIO_Init
 .text.HAL_RCC_OscConfig
                0x08000ef8      0x4a8 ./Drivers/STM32F2xx_HAL_Driver/Src/stm32f2xx_hal_rcc.o
                0x08000ef8                HAL_RCC_OscConfig
 .text.HAL_RCC_ClockConfig
                0x080013a0      0x1d8 ./Drivers/STM32F2xx_HAL_Driver/Src/stm32f2xx_hal_rcc.o
                0x080013a0                HAL_RCC_ClockConfig
 .text.HAL_RCC_GetSysClockFreq
                0x08001578      0x18c ./Drivers/STM32F2xx_HAL_Driver/Src/stm32f2xx_hal_rcc.o
                0x08001578                HAL_RCC_GetSysClockFreq
 .text.HAL_RCC_GetHCLKFreq
                0x08001704       0x14 ./Drivers/STM32F2xx_HAL_Driver/Src/stm32f2xx_hal_rcc.o
                0x08001704                HAL_RCC_GetHCLKFreq
 .text.HAL_RCC_GetPCLK1Freq
                0x08001718       0x44 ./Drivers/STM32F2xx_HAL_Driver/Src/stm32f2xx_hal_rcc.o
                0x08001718                HAL_RCC_GetPCLK1Freq
 .text.HAL_RCC_GetPCLK2Freq
                0x0800175c       0x44 ./Drivers/STM32F2xx_HAL_Driver/Src/stm32f2xx_hal_rcc.o
                0x0800175c                HAL_RCC_GetPCLK2Freq
 .text.HAL_UART_Init
                0x080017a0       0xa0 ./Drivers/STM32F2xx_HAL_Driver/Src/stm32f2xx_hal_uart.o
                0x080017a0                HAL_UART_Init
 .text.HAL_UART_IRQHandler
                0x08001840      0x524 ./Drivers/STM32F2xx_HAL_Driver/Src/stm32f2xx_hal_uart.o
                0x08001840                HAL_UART_IRQHandler
 .text.HAL_UART_TxCpltCallback
                0x08001d64       0x12 ./Drivers/STM32F2xx_HAL_Driver/Src/stm32f2xx_hal_uart.o
                0x08001d64                HAL_UART_TxCpltCallback
 .text.HAL_UART_RxCpltCallback
                0x08001d76       0x12 ./Drivers/STM32F2xx_HAL_Driver/Src/stm32f2xx_hal_uart.o
                0x08001d76                HAL_UART_RxCpltCallback
 .text.HAL_UART_ErrorCallback
                0x08001d88       0x12 ./Drivers/STM32F2xx_HAL_Driver/Src/stm32f2xx_hal_uart.o
                0x08001d88                HAL_UART_ErrorCallback
 .text.HAL_UARTEx_RxEventCallback
                0x08001d9a       0x16 ./Drivers/STM32F2xx_HAL_Driver/Src/stm32f2xx_hal_uart.o
                0x08001d9a                HAL_UARTEx_RxEventCallback
 .text.UART_EndRxTransfer
                0x08001db0       0xc4 ./Drivers/STM32F2xx_HAL_Driver/Src/stm32f2xx_hal_uart.o
 .text.UART_DMAAbortOnError
                0x08001e74       0x28 ./Drivers/STM32F2xx_HAL_Driver/Src/stm32f2xx_hal_uart.o
 .text.UART_Transmit_IT
                0x08001e9c       0x9e ./Drivers/STM32F2xx_HAL_Driver/Src/stm32f2xx_hal_uart.o
 .text.UART_EndTransmit_IT
                0x08001f3a       0x30 ./Drivers/STM32F2xx_HAL_Driver/Src/stm32f2xx_hal_uart.o
 .text.UART_Receive_IT
                0x08001f6a      0x17c ./Drivers/STM32F2xx_HAL_Driver/Src/stm32f2xx_hal_uart.o
 *fill*         0x080020e6        0x2 
 .text.UART_SetConfig
                0x080020e8      0x1d4 ./Drivers/STM32F2xx_HAL_Driver/Src/stm32f2xx_hal_uart.o
 .text.memset   0x080022bc       0x10 C:/ST/STM32CubeIDE_1.16.1/STM32CubeIDE/plugins/com.st.stm32cube.ide.mcu.externaltools.gnu-tools-for-stm32.12.3.rel1.win32_1.0.200.202406191623/tools/bin/../lib/gcc/arm-none-eabi/12.3.1/../../../../arm-none-eabi/lib/thumb/v7-m/nofp\libc_nano.a(libc_a-memset.o)
                0x080022bc                memset
 .text.__libc_init_array
                0x080022cc       0x48 C:/ST/STM32CubeIDE_1.16.1/STM32CubeIDE/plugins/com.st.stm32cube.ide.mcu.externaltools.gnu-tools-for-stm32.12.3.rel1.win32_1.0.200.202406191623/tools/bin/../lib/gcc/arm-none-eabi/12.3.1/../../../../arm-none-eabi/lib/thumb/v7-m/nofp\libc_nano.a(libc_a-init.o)
                0x080022cc                __libc_init_array
 *(.glue_7)
 .glue_7        0x08002314        0x0 linker stubs
 *(.glue_7t)
 .glue_7t       0x08002314        0x0 linker stubs
 *(.eh_frame)
 .eh_frame      0x08002314        0x0 C:/ST/STM32CubeIDE_1.16.1/STM32CubeIDE/plugins/com.st.stm32cube.ide.mcu.externaltools.gnu-tools-for-stm32.12.3.rel1.win32_1.0.200.202406191623/tools/bin/../lib/gcc/arm-none-eabi/12.3.1/thumb/v7-m/nofp/crtbegin.o
 *(.init)
 .init          0x08002314        0x4 C:/ST/STM32CubeIDE_1.16.1/STM32CubeIDE/plugins/com.st.stm32cube.ide.mcu.externaltools.gnu-tools-for-stm32.12.3.rel1.win32_1.0.200.202406191623/tools/bin/../lib/gcc/arm-none-eabi/12.3.1/thumb/v7-m/nofp/crti.o
                0x08002314                _init
 .init          0x08002318        0x8 C:/ST/STM32CubeIDE_1.16.1/STM32CubeIDE/plugins/com.st.stm32cube.ide.mcu.externaltools.gnu-tools-for-stm32.12.3.rel1.win32_1.0.200.202406191623/tools/bin/../lib/gcc/arm-none-eabi/12.3.1/thumb/v7-m/nofp/crtn.o
 *(.fini)
 .fini          0x08002320        0x4 C:/ST/STM32CubeIDE_1.16.1/STM32CubeIDE/plugins/com.st.stm32cube.ide.mcu.externaltools.gnu-tools-for-stm32.12.3.rel1.win32_1.0.200.202406191623/tools/bin/../lib/gcc/arm-none-eabi/12.3.1/thumb/v7-m/nofp/crti.o
                0x08002320                _fini
 .fini          0x08002324        0x8 C:/ST/STM32CubeIDE_1.16.1/STM32CubeIDE/plugins/com.st.stm32cube.ide.mcu.externaltools.gnu-tools-for-stm32.12.3.rel1.win32_1.0.200.202406191623/tools/bin/../lib/gcc/arm-none-eabi/12.3.1/thumb/v7-m/nofp/crtn.o
                0x0800232c                        . = ALIGN (0x4)
                0x0800232c                        _etext = .

.vfp11_veneer   0x0800232c        0x0
 .vfp11_veneer  0x0800232c        0x0 linker stubs

.v4_bx          0x0800232c        0x0
 .v4_bx         0x0800232c        0x0 linker stubs

.iplt           0x0800232c        0x0
 .iplt          0x0800232c        0x0 C:/ST/STM32CubeIDE_1.16.1/STM32CubeIDE/plugins/com.st.stm32cube.ide.mcu.externaltools.gnu-tools-for-stm32.12.3.rel1.win32_1.0.200.202406191623/tools/bin/../lib/gcc/arm-none-eabi/12.3.1/thumb/v7-m/nofp/crtbegin.o

.rodata         0x0800232c       0x18
                0x0800232c                        . = ALIGN (0x4)
 *(.rodata)
 *(.rodata*)
 .rodata.AHBPrescTable
                0x0800232c       0x10 ./Core/Src/system_stm32f2xx.o
                0x0800232c                AHBPrescTable
 .rodata.APBPrescTable
                0x0800233c        0x8 ./Core/Src/system_stm32f2xx.o
                0x0800233c                APBPrescTable
                0x08002344                        . = ALIGN (0x4)

.ARM.extab      0x08002344        0x0
                0x08002344                        . = ALIGN (0x4)
 *(.ARM.extab* .gnu.linkonce.armextab.*)
                0x08002344                        . = ALIGN (0x4)

.ARM            0x08002344        0x8
                0x08002344                        . = ALIGN (0x4)
                0x08002344                        __exidx_start = .
 *(.ARM.exidx*)
 .ARM.exidx     0x08002344        0x8 C:/ST/STM32CubeIDE_1.16.1/STM32CubeIDE/plugins/com.st.stm32cube.ide.mcu.externaltools.gnu-tools-for-stm32.12.3.rel1.win32_1.0.200.202406191623/tools/bin/../lib/gcc/arm-none-eabi/12.3.1/thumb/v7-m/nofp\libgcc.a(_udivmoddi4.o)
                0x0800234c                        __exidx_end = .
                0x0800234c                        . = ALIGN (0x4)

.preinit_array  0x0800234c        0x0
                0x0800234c                        . = ALIGN (0x4)
                0x0800234c                        PROVIDE (__preinit_array_start = .)
 *(.preinit_array*)
                0x0800234c                        PROVIDE (__preinit_array_end = .)
                0x0800234c                        . = ALIGN (0x4)

.init_array     0x0800234c        0x4
                0x0800234c                        . = ALIGN (0x4)
                0x0800234c                        PROVIDE (__init_array_start = .)
 *(SORT_BY_NAME(.init_array.*))
 *(.init_array*)
 .init_array    0x0800234c        0x4 C:/ST/STM32CubeIDE_1.16.1/STM32CubeIDE/plugins/com.st.stm32cube.ide.mcu.externaltools.gnu-tools-for-stm32.12.3.rel1.win32_1.0.200.202406191623/tools/bin/../lib/gcc/arm-none-eabi/12.3.1/thumb/v7-m/nofp/crtbegin.o
                0x08002350                        PROVIDE (__init_array_end = .)
                0x08002350                        . = ALIGN (0x4)

.fini_array     0x08002350        0x4
                0x08002350                        . = ALIGN (0x4)
                [!provide]                        PROVIDE (__fini_array_start = .)
 *(SORT_BY_NAME(.fini_array.*))
 *(.fini_array*)
 .fini_array    0x08002350        0x4 C:/ST/STM32CubeIDE_1.16.1/STM32CubeIDE/plugins/com.st.stm32cube.ide.mcu.externaltools.gnu-tools-for-stm32.12.3.rel1.win32_1.0.200.202406191623/tools/bin/../lib/gcc/arm-none-eabi/12.3.1/thumb/v7-m/nofp/crtbegin.o
                [!provide]                        PROVIDE (__fini_array_end = .)
                0x08002354                        . = ALIGN (0x4)
                0x08002354                        _sidata = LOADADDR (.data)

.rel.dyn        0x08002354        0x0
 .rel.iplt      0x08002354        0x0 C:/ST/STM32CubeIDE_1.16.1/STM32CubeIDE/plugins/com.st.stm32cube.ide.mcu.externaltools.gnu-tools-for-stm32.12.3.rel1.win32_1.0.200.202406191623/tools/bin/../lib/gcc/arm-none-eabi/12.3.1/thumb/v7-m/nofp/crtbegin.o

.data           0x20000000        0xc load address 0x08002354
                0x20000000                        . = ALIGN (0x4)
                0x20000000                        _sdata = .
 *(.data)
 *(.data*)
 .data.SystemCoreClock
                0x20000000        0x4 ./Core/Src/system_stm32f2xx.o
                0x20000000                SystemCoreClock
 .data.uwTickPrio
                0x20000004        0x4 ./Drivers/STM32F2xx_HAL_Driver/Src/stm32f2xx_hal.o
                0x20000004                uwTickPrio
 .data.uwTickFreq
                0x20000008        0x1 ./Drivers/STM32F2xx_HAL_Driver/Src/stm32f2xx_hal.o
                0x20000008                uwTickFreq
 *(.RamFunc)
 *(.RamFunc*)
                0x2000000c                        . = ALIGN (0x4)
 *fill*         0x20000009        0x3 
                0x2000000c                        _edata = .

.igot.plt       0x2000000c        0x0 load address 0x08002360
 .igot.plt      0x2000000c        0x0 C:/ST/STM32CubeIDE_1.16.1/STM32CubeIDE/plugins/com.st.stm32cube.ide.mcu.externaltools.gnu-tools-for-stm32.12.3.rel1.win32_1.0.200.202406191623/tools/bin/../lib/gcc/arm-none-eabi/12.3.1/thumb/v7-m/nofp/crtbegin.o
                0x2000000c                        . = ALIGN (0x4)

.bss            0x2000000c       0x68 load address 0x08002360
                0x2000000c                        _sbss = .
                0x2000000c                        __bss_start__ = _sbss
 *(.bss)
 .bss           0x2000000c       0x1c C:/ST/STM32CubeIDE_1.16.1/STM32CubeIDE/plugins/com.st.stm32cube.ide.mcu.externaltools.gnu-tools-for-stm32.12.3.rel1.win32_1.0.200.202406191623/tools/bin/../lib/gcc/arm-none-eabi/12.3.1/thumb/v7-m/nofp/crtbegin.o
 *(.bss*)
 .bss.huart1    0x20000028       0x48 ./Core/Src/main.o
                0x20000028                huart1
 .bss.uwTick    0x20000070        0x4 ./Drivers/STM32F2xx_HAL_Driver/Src/stm32f2xx_hal.o
                0x20000070                uwTick
 *(COMMON)
                0x20000074                        . = ALIGN (0x4)
                0x20000074                        _ebss = .
                0x20000074                        __bss_end__ = _ebss

._user_heap_stack
                0x20000074      0x604 load address 0x08002360
                0x20000078                        . = ALIGN (0x8)
 *fill*         0x20000074        0x4 
                [!provide]                        PROVIDE (end = .)
                0x20000078                        PROVIDE (_end = .)
                0x20000278                        . = (. + _Min_Heap_Size)
 *fill*         0x20000078      0x200 
                0x20000678                        . = (. + _Min_Stack_Size)
 *fill*         0x20000278      0x400 
                0x20000678                        . = ALIGN (0x8)

/DISCARD/
 libc.a(*)
 libm.a(*)
 libgcc.a(*)

.ARM.attributes
                0x00000000       0x29
 *(.ARM.attributes)
 .ARM.attributes
                0x00000000       0x1d C:/ST/STM32CubeIDE_1.16.1/STM32CubeIDE/plugins/com.st.stm32cube.ide.mcu.externaltools.gnu-tools-for-stm32.12.3.rel1.win32_1.0.200.202406191623/tools/bin/../lib/gcc/arm-none-eabi/12.3.1/thumb/v7-m/nofp/crti.o
 .ARM.attributes
                0x0000001d       0x2d C:/ST/STM32CubeIDE_1.16.1/STM32CubeIDE/plugins/com.st.stm32cube.ide.mcu.externaltools.gnu-tools-for-stm32.12.3.rel1.win32_1.0.200.202406191623/tools/bin/../lib/gcc/arm-none-eabi/12.3.1/thumb/v7-m/nofp/crtbegin.o
 .ARM.attributes
                0x0000004a       0x2d ./Core/Src/main.o
 .ARM.attributes
                0x00000077       0x2d ./Core/Src/stm32f2xx_hal_msp.o
 .ARM.attributes
                0x000000a4       0x2d ./Core/Src/stm32f2xx_it.o
 .ARM.attributes
                0x000000d1       0x2d ./Core/Src/system_stm32f2xx.o
 .ARM.attributes
                0x000000fe       0x21 ./Core/Startup/startup_stm32f205rgtx.o
 .ARM.attributes
                0x0000011f       0x2d ./Drivers/STM32F2xx_HAL_Driver/Src/stm32f2xx_hal.o
 .ARM.attributes
                0x0000014c       0x2d ./Drivers/STM32F2xx_HAL_Driver/Src/stm32f2xx_hal_cortex.o
 .ARM.attributes
                0x00000179       0x2d ./Drivers/STM32F2xx_HAL_Driver/Src/stm32f2xx_hal_dma.o
 .ARM.attributes
                0x000001a6       0x2d ./Drivers/STM32F2xx_HAL_Driver/Src/stm32f2xx_hal_gpio.o
 .ARM.attributes
                0x000001d3       0x2d ./Drivers/STM32F2xx_HAL_Driver/Src/stm32f2xx_hal_rcc.o
 .ARM.attributes
                0x00000200       0x2d ./Drivers/STM32F2xx_HAL_Driver/Src/stm32f2xx_hal_uart.o
 .ARM.attributes
                0x0000022d       0x2d C:/ST/STM32CubeIDE_1.16.1/STM32CubeIDE/plugins/com.st.stm32cube.ide.mcu.externaltools.gnu-tools-for-stm32.12.3.rel1.win32_1.0.200.202406191623/tools/bin/../lib/gcc/arm-none-eabi/12.3.1/../../../../arm-none-eabi/lib/thumb/v7-m/nofp\libc_nano.a(libc_a-memset.o)
 .ARM.attributes
                0x0000025a       0x2d C:/ST/STM32CubeIDE_1.16.1/STM32CubeIDE/plugins/com.st.stm32cube.ide.mcu.externaltools.gnu-tools-for-stm32.12.3.rel1.win32_1.0.200.202406191623/tools/bin/../lib/gcc/arm-none-eabi/12.3.1/../../../../arm-none-eabi/lib/thumb/v7-m/nofp\libc_nano.a(libc_a-init.o)
 .ARM.attributes
                0x00000287       0x1d C:/ST/STM32CubeIDE_1.16.1/STM32CubeIDE/plugins/com.st.stm32cube.ide.mcu.externaltools.gnu-tools-for-stm32.12.3.rel1.win32_1.0.200.202406191623/tools/bin/../lib/gcc/arm-none-eabi/12.3.1/thumb/v7-m/nofp\libgcc.a(_aeabi_uldivmod.o)
 .ARM.attributes
                0x000002a4       0x2d C:/ST/STM32CubeIDE_1.16.1/STM32CubeIDE/plugins/com.st.stm32cube.ide.mcu.externaltools.gnu-tools-for-stm32.12.3.rel1.win32_1.0.200.202406191623/tools/bin/../lib/gcc/arm-none-eabi/12.3.1/thumb/v7-m/nofp\libgcc.a(_udivmoddi4.o)
 .ARM.attributes
                0x000002d1       0x1d C:/ST/STM32CubeIDE_1.16.1/STM32CubeIDE/plugins/com.st.stm32cube.ide.mcu.externaltools.gnu-tools-for-stm32.12.3.rel1.win32_1.0.200.202406191623/tools/bin/../lib/gcc/arm-none-eabi/12.3.1/thumb/v7-m/nofp\libgcc.a(_dvmd_tls.o)
 .ARM.attributes
                0x000002ee       0x1d C:/ST/STM32CubeIDE_1.16.1/STM32CubeIDE/plugins/com.st.stm32cube.ide.mcu.externaltools.gnu-tools-for-stm32.12.3.rel1.win32_1.0.200.202406191623/tools/bin/../lib/gcc/arm-none-eabi/12.3.1/thumb/v7-m/nofp/crtn.o
OUTPUT(Krauze.elf elf32-littlearm)
LOAD linker stubs
LOAD C:/ST/STM32CubeIDE_1.16.1/STM32CubeIDE/plugins/com.st.stm32cube.ide.mcu.externaltools.gnu-tools-for-stm32.12.3.rel1.win32_1.0.200.202406191623/tools/bin/../lib/gcc/arm-none-eabi/12.3.1/../../../../arm-none-eabi/lib/thumb/v7-m/nofp\libc.a
LOAD C:/ST/STM32CubeIDE_1.16.1/STM32CubeIDE/plugins/com.st.stm32cube.ide.mcu.externaltools.gnu-tools-for-stm32.12.3.rel1.win32_1.0.200.202406191623/tools/bin/../lib/gcc/arm-none-eabi/12.3.1/../../../../arm-none-eabi/lib/thumb/v7-m/nofp\libm.a
LOAD C:/ST/STM32CubeIDE_1.16.1/STM32CubeIDE/plugins/com.st.stm32cube.ide.mcu.externaltools.gnu-tools-for-stm32.12.3.rel1.win32_1.0.200.202406191623/tools/bin/../lib/gcc/arm-none-eabi/12.3.1/thumb/v7-m/nofp\libgcc.a

.debug_info     0x00000000     0x7f32
 .debug_info    0x00000000      0xa65 ./Core/Src/main.o
 .debug_info    0x00000a65      0xb46 ./Core/Src/stm32f2xx_hal_msp.o
 .debug_info    0x000015ab      0x639 ./Core/Src/stm32f2xx_it.o
 .debug_info    0x00001be4      0x31f ./Core/Src/system_stm32f2xx.o
 .debug_info    0x00001f03       0x30 ./Core/Startup/startup_stm32f205rgtx.o
 .debug_info    0x00001f33      0x9b1 ./Drivers/STM32F2xx_HAL_Driver/Src/stm32f2xx_hal.o
 .debug_info    0x000028e4      0xd69 ./Drivers/STM32F2xx_HAL_Driver/Src/stm32f2xx_hal_cortex.o
 .debug_info    0x0000364d      0x8e7 ./Drivers/STM32F2xx_HAL_Driver/Src/stm32f2xx_hal_dma.o
 .debug_info    0x00003f34      0x68e ./Drivers/STM32F2xx_HAL_Driver/Src/stm32f2xx_hal_gpio.o
 .debug_info    0x000045c2      0xa39 ./Drivers/STM32F2xx_HAL_Driver/Src/stm32f2xx_hal_rcc.o
 .debug_info    0x00004ffb     0x2f37 ./Drivers/STM32F2xx_HAL_Driver/Src/stm32f2xx_hal_uart.o

.debug_abbrev   0x00000000     0x1661
 .debug_abbrev  0x00000000      0x22b ./Core/Src/main.o
 .debug_abbrev  0x0000022b      0x1cc ./Core/Src/stm32f2xx_hal_msp.o
 .debug_abbrev  0x000003f7      0x175 ./Core/Src/stm32f2xx_it.o
 .debug_abbrev  0x0000056c      0x11c ./Core/Src/system_stm32f2xx.o
 .debug_abbrev  0x00000688       0x24 ./Core/Startup/startup_stm32f205rgtx.o
 .debug_abbrev  0x000006ac      0x286 ./Drivers/STM32F2xx_HAL_Driver/Src/stm32f2xx_hal.o
 .debug_abbrev  0x00000932      0x31c ./Drivers/STM32F2xx_HAL_Driver/Src/stm32f2xx_hal_cortex.o
 .debug_abbrev  0x00000c4e      0x264 ./Drivers/STM32F2xx_HAL_Driver/Src/stm32f2xx_hal_dma.o
 .debug_abbrev  0x00000eb2      0x1cb ./Drivers/STM32F2xx_HAL_Driver/Src/stm32f2xx_hal_gpio.o
 .debug_abbrev  0x0000107d      0x2d6 ./Drivers/STM32F2xx_HAL_Driver/Src/stm32f2xx_hal_rcc.o
 .debug_abbrev  0x00001353      0x30e ./Drivers/STM32F2xx_HAL_Driver/Src/stm32f2xx_hal_uart.o

.debug_aranges  0x00000000      0x6b8
 .debug_aranges
                0x00000000       0x40 ./Core/Src/main.o
 .debug_aranges
                0x00000040       0x30 ./Core/Src/stm32f2xx_hal_msp.o
 .debug_aranges
                0x00000070       0x68 ./Core/Src/stm32f2xx_it.o
 .debug_aranges
                0x000000d8       0x28 ./Core/Src/system_stm32f2xx.o
 .debug_aranges
                0x00000100       0x28 ./Core/Startup/startup_stm32f205rgtx.o
 .debug_aranges
                0x00000128       0xf0 ./Drivers/STM32F2xx_HAL_Driver/Src/stm32f2xx_hal.o
 .debug_aranges
                0x00000218      0x128 ./Drivers/STM32F2xx_HAL_Driver/Src/stm32f2xx_hal_cortex.o
 .debug_aranges
                0x00000340       0x90 ./Drivers/STM32F2xx_HAL_Driver/Src/stm32f2xx_hal_dma.o
 .debug_aranges
                0x000003d0       0x58 ./Drivers/STM32F2xx_HAL_Driver/Src/stm32f2xx_hal_gpio.o
 .debug_aranges
                0x00000428       0x88 ./Drivers/STM32F2xx_HAL_Driver/Src/stm32f2xx_hal_rcc.o
 .debug_aranges
                0x000004b0      0x208 ./Drivers/STM32F2xx_HAL_Driver/Src/stm32f2xx_hal_uart.o

.debug_rnglists
                0x00000000      0x522
 .debug_rnglists
                0x00000000       0x2c ./Core/Src/main.o
 .debug_rnglists
                0x0000002c       0x20 ./Core/Src/stm32f2xx_hal_msp.o
 .debug_rnglists
                0x0000004c       0x49 ./Core/Src/stm32f2xx_it.o
 .debug_rnglists
                0x00000095       0x1a ./Core/Src/system_stm32f2xx.o
 .debug_rnglists
                0x000000af       0x19 ./Core/Startup/startup_stm32f205rgtx.o
 .debug_rnglists
                0x000000c8       0xaf ./Drivers/STM32F2xx_HAL_Driver/Src/stm32f2xx_hal.o
 .debug_rnglists
                0x00000177       0xd9 ./Drivers/STM32F2xx_HAL_Driver/Src/stm32f2xx_hal_cortex.o
 .debug_rnglists
                0x00000250       0x70 ./Drivers/STM32F2xx_HAL_Driver/Src/stm32f2xx_hal_dma.o
 .debug_rnglists
                0x000002c0       0x3f ./Drivers/STM32F2xx_HAL_Driver/Src/stm32f2xx_hal_gpio.o
 .debug_rnglists
                0x000002ff       0x67 ./Drivers/STM32F2xx_HAL_Driver/Src/stm32f2xx_hal_rcc.o
 .debug_rnglists
                0x00000366      0x1bc ./Drivers/STM32F2xx_HAL_Driver/Src/stm32f2xx_hal_uart.o

.debug_macro    0x00000000    0x1df43
 .debug_macro   0x00000000      0x1c2 ./Core/Src/main.o
 .debug_macro   0x000001c2      0xb80 ./Core/Src/main.o
 .debug_macro   0x00000d42      0x238 ./Core/Src/main.o
 .debug_macro   0x00000f7a       0x2e ./Core/Src/main.o
 .debug_macro   0x00000fa8       0x22 ./Core/Src/main.o
 .debug_macro   0x00000fca       0x1c ./Core/Src/main.o
 .debug_macro   0x00000fe6       0x22 ./Core/Src/main.o
 .debug_macro   0x00001008       0x8e ./Core/Src/main.o
 .debug_macro   0x00001096       0x51 ./Core/Src/main.o
 .debug_macro   0x000010e7      0x103 ./Core/Src/main.o
 .debug_macro   0x000011ea       0x6a ./Core/Src/main.o
 .debug_macro   0x00001254      0x1df ./Core/Src/main.o
 .debug_macro   0x00001433       0x1c ./Core/Src/main.o
 .debug_macro   0x0000144f       0x22 ./Core/Src/main.o
 .debug_macro   0x00001471       0xbd ./Core/Src/main.o
 .debug_macro   0x0000152e      0xe49 ./Core/Src/main.o
 .debug_macro   0x00002377      0x11f ./Core/Src/main.o
 .debug_macro   0x00002496    0x133fd ./Core/Src/main.o
 .debug_macro   0x00015893       0x6d ./Core/Src/main.o
 .debug_macro   0x00015900     0x35b3 ./Core/Src/main.o
 .debug_macro   0x00018eb3      0x190 ./Core/Src/main.o
 .debug_macro   0x00019043       0x55 ./Core/Src/main.o
 .debug_macro   0x00019098     0x1056 ./Core/Src/main.o
 .debug_macro   0x0001a0ee       0x4a ./Core/Src/main.o
 .debug_macro   0x0001a138      0x170 ./Core/Src/main.o
 .debug_macro   0x0001a2a8      0x115 ./Core/Src/main.o
 .debug_macro   0x0001a3bd       0xfa ./Core/Src/main.o
 .debug_macro   0x0001a4b7       0xa5 ./Core/Src/main.o
 .debug_macro   0x0001a55c      0x16a ./Core/Src/main.o
 .debug_macro   0x0001a6c6      0x287 ./Core/Src/main.o
 .debug_macro   0x0001a94d       0x5f ./Core/Src/main.o
 .debug_macro   0x0001a9ac      0x236 ./Core/Src/main.o
 .debug_macro   0x0001abe2      0x126 ./Core/Src/main.o
 .debug_macro   0x0001ad08      0x216 ./Core/Src/main.o
 .debug_macro   0x0001af1e       0x2e ./Core/Src/main.o
 .debug_macro   0x0001af4c      0x113 ./Core/Src/main.o
 .debug_macro   0x0001b05f       0x22 ./Core/Src/main.o
 .debug_macro   0x0001b081       0x82 ./Core/Src/main.o
 .debug_macro   0x0001b103      0x2aa ./Core/Src/main.o
 .debug_macro   0x0001b3ad      0x12d ./Core/Src/main.o
 .debug_macro   0x0001b4da      0x1bd ./Core/Src/stm32f2xx_hal_msp.o
 .debug_macro   0x0001b697      0xaa8 ./Core/Src/stm32f2xx_hal_msp.o
 .debug_macro   0x0001c13f      0xe49 ./Core/Src/stm32f2xx_hal_msp.o
 .debug_macro   0x0001cf88      0x189 ./Core/Src/stm32f2xx_hal_msp.o
 .debug_macro   0x0001d111      0x1c7 ./Core/Src/stm32f2xx_it.o
 .debug_macro   0x0001d2d8      0x1b3 ./Core/Src/system_stm32f2xx.o
 .debug_macro   0x0001d48b      0x201 ./Drivers/STM32F2xx_HAL_Driver/Src/stm32f2xx_hal.o
 .debug_macro   0x0001d68c      0x1b3 ./Drivers/STM32F2xx_HAL_Driver/Src/stm32f2xx_hal_cortex.o
 .debug_macro   0x0001d83f      0x1b9 ./Drivers/STM32F2xx_HAL_Driver/Src/stm32f2xx_hal_dma.o
 .debug_macro   0x0001d9f8      0x1ba ./Drivers/STM32F2xx_HAL_Driver/Src/stm32f2xx_hal_gpio.o
 .debug_macro   0x0001dbb2      0x1dd ./Drivers/STM32F2xx_HAL_Driver/Src/stm32f2xx_hal_rcc.o
 .debug_macro   0x0001dd8f      0x1b4 ./Drivers/STM32F2xx_HAL_Driver/Src/stm32f2xx_hal_uart.o

.debug_line     0x00000000     0x87e0
 .debug_line    0x00000000      0x7c4 ./Core/Src/main.o
 .debug_line    0x000007c4      0x74d ./Core/Src/stm32f2xx_hal_msp.o
 .debug_line    0x00000f11      0x7d7 ./Core/Src/stm32f2xx_it.o
 .debug_line    0x000016e8      0x779 ./Core/Src/system_stm32f2xx.o
 .debug_line    0x00001e61       0x7a ./Core/Startup/startup_stm32f205rgtx.o
 .debug_line    0x00001edb      0xa16 ./Drivers/STM32F2xx_HAL_Driver/Src/stm32f2xx_hal.o
 .debug_line    0x000028f1      0xcc1 ./Drivers/STM32F2xx_HAL_Driver/Src/stm32f2xx_hal_cortex.o
 .debug_line    0x000035b2      0xf5a ./Drivers/STM32F2xx_HAL_Driver/Src/stm32f2xx_hal_dma.o
 .debug_line    0x0000450c      0xb7c ./Drivers/STM32F2xx_HAL_Driver/Src/stm32f2xx_hal_gpio.o
 .debug_line    0x00005088      0xea5 ./Drivers/STM32F2xx_HAL_Driver/Src/stm32f2xx_hal_rcc.o
 .debug_line    0x00005f2d     0x28b3 ./Drivers/STM32F2xx_HAL_Driver/Src/stm32f2xx_hal_uart.o

.debug_str      0x00000000    0xac1dc
 .debug_str     0x00000000    0xaa2bc ./Core/Src/main.o
                              0xaa6b8 (size before relaxing)
 .debug_str     0x000aa2bc      0x7cf ./Core/Src/stm32f2xx_hal_msp.o
                              0xaa434 (size before relaxing)
 .debug_str     0x000aaa8b       0xef ./Core/Src/stm32f2xx_it.o
                              0xa9e32 (size before relaxing)
 .debug_str     0x000aab7a       0x87 ./Core/Src/system_stm32f2xx.o
                              0xa9a58 (size before relaxing)
 .debug_str     0x000aac01       0x44 ./Core/Startup/startup_stm32f205rgtx.o
                                 0x82 (size before relaxing)
 .debug_str     0x000aac45      0x509 ./Drivers/STM32F2xx_HAL_Driver/Src/stm32f2xx_hal.o
                              0xaa583 (size before relaxing)
 .debug_str     0x000ab14e      0x3b2 ./Drivers/STM32F2xx_HAL_Driver/Src/stm32f2xx_hal_cortex.o
                              0xaa37a (size before relaxing)
 .debug_str     0x000ab500      0x328 ./Drivers/STM32F2xx_HAL_Driver/Src/stm32f2xx_hal_dma.o
                              0xa9ec6 (size before relaxing)
 .debug_str     0x000ab828      0x15b ./Drivers/STM32F2xx_HAL_Driver/Src/stm32f2xx_hal_gpio.o
                              0xa9c16 (size before relaxing)
 .debug_str     0x000ab983      0x251 ./Drivers/STM32F2xx_HAL_Driver/Src/stm32f2xx_hal_rcc.o
                              0xa9f0a (size before relaxing)
 .debug_str     0x000abbd4      0x608 ./Drivers/STM32F2xx_HAL_Driver/Src/stm32f2xx_hal_uart.o
                              0xaa4ad (size before relaxing)

.comment        0x00000000       0x43
 .comment       0x00000000       0x43 ./Core/Src/main.o
                                 0x44 (size before relaxing)
 .comment       0x00000043       0x44 ./Core/Src/stm32f2xx_hal_msp.o
 .comment       0x00000043       0x44 ./Core/Src/stm32f2xx_it.o
 .comment       0x00000043       0x44 ./Core/Src/system_stm32f2xx.o
 .comment       0x00000043       0x44 ./Drivers/STM32F2xx_HAL_Driver/Src/stm32f2xx_hal.o
 .comment       0x00000043       0x44 ./Drivers/STM32F2xx_HAL_Driver/Src/stm32f2xx_hal_cortex.o
 .comment       0x00000043       0x44 ./Drivers/STM32F2xx_HAL_Driver/Src/stm32f2xx_hal_dma.o
 .comment       0x00000043       0x44 ./Drivers/STM32F2xx_HAL_Driver/Src/stm32f2xx_hal_gpio.o
 .comment       0x00000043       0x44 ./Drivers/STM32F2xx_HAL_Driver/Src/stm32f2xx_hal_rcc.o
 .comment       0x00000043       0x44 ./Drivers/STM32F2xx_HAL_Driver/Src/stm32f2xx_hal_uart.o

.debug_frame    0x00000000     0x1aa4
 .debug_frame   0x00000000       0xac ./Core/Src/main.o
 .debug_frame   0x000000ac       0x80 ./Core/Src/stm32f2xx_hal_msp.o
 .debug_frame   0x0000012c      0x120 ./Core/Src/stm32f2xx_it.o
 .debug_frame   0x0000024c       0x58 ./Core/Src/system_stm32f2xx.o
 .debug_frame   0x000002a4      0x384 ./Drivers/STM32F2xx_HAL_Driver/Src/stm32f2xx_hal.o
 .debug_frame   0x00000628      0x4e8 ./Drivers/STM32F2xx_HAL_Driver/Src/stm32f2xx_hal_cortex.o
 .debug_frame   0x00000b10      0x250 ./Drivers/STM32F2xx_HAL_Driver/Src/stm32f2xx_hal_dma.o
 .debug_frame   0x00000d60      0x14c ./Drivers/STM32F2xx_HAL_Driver/Src/stm32f2xx_hal_gpio.o
 .debug_frame   0x00000eac      0x208 ./Drivers/STM32F2xx_HAL_Driver/Src/stm32f2xx_hal_rcc.o
 .debug_frame   0x000010b4      0x944 ./Drivers/STM32F2xx_HAL_Driver/Src/stm32f2xx_hal_uart.o
 .debug_frame   0x000019f8       0x20 C:/ST/STM32CubeIDE_1.16.1/STM32CubeIDE/plugins/com.st.stm32cube.ide.mcu.externaltools.gnu-tools-for-stm32.12.3.rel1.win32_1.0.200.202406191623/tools/bin/../lib/gcc/arm-none-eabi/12.3.1/../../../../arm-none-eabi/lib/thumb/v7-m/nofp\libc_nano.a(libc_a-memset.o)
 .debug_frame   0x00001a18       0x2c C:/ST/STM32CubeIDE_1.16.1/STM32CubeIDE/plugins/com.st.stm32cube.ide.mcu.externaltools.gnu-tools-for-stm32.12.3.rel1.win32_1.0.200.202406191623/tools/bin/../lib/gcc/arm-none-eabi/12.3.1/../../../../arm-none-eabi/lib/thumb/v7-m/nofp\libc_nano.a(libc_a-init.o)
 .debug_frame   0x00001a44       0x2c C:/ST/STM32CubeIDE_1.16.1/STM32CubeIDE/plugins/com.st.stm32cube.ide.mcu.externaltools.gnu-tools-for-stm32.12.3.rel1.win32_1.0.200.202406191623/tools/bin/../lib/gcc/arm-none-eabi/12.3.1/thumb/v7-m/nofp\libgcc.a(_aeabi_uldivmod.o)
 .debug_frame   0x00001a70       0x34 C:/ST/STM32CubeIDE_1.16.1/STM32CubeIDE/plugins/com.st.stm32cube.ide.mcu.externaltools.gnu-tools-for-stm32.12.3.rel1.win32_1.0.200.202406191623/tools/bin/../lib/gcc/arm-none-eabi/12.3.1/thumb/v7-m/nofp\libgcc.a(_udivmoddi4.o)

.debug_line_str
                0x00000000       0x66
 .debug_line_str
                0x00000000       0x66 ./Core/Startup/startup_stm32f205rgtx.o
